Downloading https://services.gradle.org/distributions/gradle-9.4.1-bin.zip
.............10%.............20%.............30%.............40%.............50%.............60%..............70%.............80%.............90%.............100%

Welcome to Gradle 9.4.1!

Here are the highlights of this release:
 - Java 26 support
 - Non-class-based JVM tests
 - Enhanced console progress bar

For more details see https://docs.gradle.org/9.4.1/release-notes.html

Starting a Gradle Daemon (subsequent builds will be faster)

> Configure project :app
WARNING: The option setting 'android.overridePathCheck=true' is experimental.
The current default is 'false'.
WARNING: The option setting 'android.usesSdkInManifest.disallowed=false' is deprecated.
The current default is 'true'.
It will be removed in version 10.0 of the Android Gradle plugin.
WARNING: The option setting 'android.sdk.defaultTargetSdkToCompileSdkIfUnset=false' is deprecated.
The current default is 'true'.
It will be removed in version 10.0 of the Android Gradle plugin.
WARNING: The option setting 'android.enableAppCompileTimeRClass=false' is deprecated.
The current default is 'true'.
It will be removed in version 10.0 of the Android Gradle plugin.
WARNING: The option setting 'android.builtInKotlin=false' is deprecated.
The current default is 'true'.
It will be removed in version 10.0 of the Android Gradle plugin.
WARNING: The option setting 'android.newDsl=false' is deprecated.
The current default is 'true'.
It will be removed in version 10.0 of the Android Gradle plugin.
WARNING: The option setting 'android.r8.optimizedResourceShrinking=false' is deprecated.
The current default is 'true'.
It will be removed in version 10.0 of the Android Gradle plugin.
WARNING: The option setting 'android.defaults.buildfeatures.resvalues=true' is deprecated.
The current default is 'false'.
It will be removed in version 10.0 of the Android Gradle plugin.
WARNING: API 'applicationVariants' is obsolete and has been replaced with 'AndroidComponentsExtension'.
It will be removed in version 10.0 of the Android Gradle plugin.
The legacy variant API is disabled by default in AGP 9.0, but can be re-enabled by adding 
    android.newDsl=false
to this project's gradle.properties file.
For more information, see http://developer.android.com/build/r/new-dsl.

To determine what is calling applicationVariants, use -Pandroid.debug.obsoleteApi=true on the command line to display more information.
WARNING: API 'testVariants' is obsolete and has been replaced with 'AndroidComponentsExtension'.
It will be removed in version 10.0 of the Android Gradle plugin.
The legacy variant API is disabled by default in AGP 9.0, but can be re-enabled by adding 
    android.newDsl=false
to this project's gradle.properties file.
For more information, see http://developer.android.com/build/r/new-dsl.

To determine what is calling testVariants, use -Pandroid.debug.obsoleteApi=true on the command line to display more information.
WARNING: API 'unitTestVariants' is obsolete and has been replaced with 'AndroidComponentsExtension'.
It will be removed in version 10.0 of the Android Gradle plugin.
The legacy variant API is disabled by default in AGP 9.0, but can be re-enabled by adding 
    android.newDsl=false
to this project's gradle.properties file.
For more information, see http://developer.android.com/build/r/new-dsl.

To determine what is calling unitTestVariants, use -Pandroid.debug.obsoleteApi=true on the command line to display more information.
w: file:///home/runner/work/wedo-Android/wedo-Android/app/build.gradle.kts:19:1: 'fun Project.android(configure: Action<BaseAppModuleExtension>): Unit' is deprecated. Replaced by com.android.build.api.dsl.ApplicationExtension.
This class is not used for the public extensions in AGP when android.newDsl=true, which is the default in AGP 9.0, and will be removed in AGP 10.0.
w: file:///home/runner/work/wedo-Android/wedo-Android/app/build.gradle.kts:62:5: 'fun BaseAppModuleExtension.kotlinOptions(configure: Action<DeprecatedKotlinJvmOptions>): Unit' is deprecated. Please migrate to the compilerOptions DSL. More details are here: https://kotl.in/u1r8ln.
w: file:///home/runner/work/wedo-Android/wedo-Android/app/build.gradle.kts:63:9: 'var jvmTarget: String' is deprecated. Please migrate to the compilerOptions DSL. More details are here: https://kotl.in/u1r8ln.
WARNING: The property android.dependency.excludeLibraryComponentsFromConstraints improves project import performance for very large projects. It should be enabled to improve performance.
To suppress this warning, add android.generateSyncIssueWhenLibraryConstraintsAreEnabled=false to gradle.properties
WARNING: The property android.dependency.excludeLibraryComponentsFromConstraints improves project import performance for very large projects. It should be enabled to improve performance.
To suppress this warning, add android.generateSyncIssueWhenLibraryConstraintsAreEnabled=false to gradle.properties
WARNING: The property android.dependency.excludeLibraryComponentsFromConstraints improves project import performance for very large projects. It should be enabled to improve performance.
To suppress this warning, add android.generateSyncIssueWhenLibraryConstraintsAreEnabled=false to gradle.properties
WARNING: The property android.dependency.excludeLibraryComponentsFromConstraints improves project import performance for very large projects. It should be enabled to improve performance.
To suppress this warning, add android.generateSyncIssueWhenLibraryConstraintsAreEnabled=false to gradle.properties

> Task :app:checkKotlinGradlePluginConfigurationErrors SKIPPED
> Task :app:preBuild UP-TO-DATE
> Task :app:preDebugBuild UP-TO-DATE
> Task :app:generateDebugResValues
> Task :app:checkDebugAarMetadata
> Task :app:mapDebugSourceSetPaths
> Task :app:processDebugNavigationResources
> Task :app:generateDebugResources
> Task :app:compileDebugNavigationResources
> Task :app:packageDebugResources
> Task :app:mergeDebugResources
> Task :app:createDebugCompatibleScreenManifests
> Task :app:extractDeepLinksDebug
> Task :app:parseDebugLocalResources
> Task :app:processDebugMainManifest
> Task :app:processDebugManifest
> Task :app:preDebugUnitTestBuild UP-TO-DATE
> Task :app:preDebugAndroidTestBuild SKIPPED
> Task :app:javaPreCompileDebugUnitTest
> Task :app:javaPreCompileDebug
> Task :app:generateDebugAndroidTestResValues FROM-CACHE
> Task :app:extractProguardFiles
> Task :app:processDebugManifestForPackage
> Task :app:processDebugResources
> Task :app:kspDebugKotlin
> Task :app:compileDebugKotlin
w: file:///home/runner/work/wedo-Android/wedo-Android/app/src/main/java/com/example/nutrition/domain/usecase/BackupManager.kt:55:9 This declaration needs opt-in. Its usage should be marked with '@kotlinx.serialization.ExperimentalSerializationApi' or '@OptIn(kotlinx.serialization.ExperimentalSerializationApi::class)'
w: file:///home/runner/work/wedo-Android/wedo-Android/app/src/main/java/com/example/nutrition/domain/usecase/BackupManager.kt:399:17 Condition is always 'true'.
w: file:///home/runner/work/wedo-Android/wedo-Android/app/src/main/java/com/example/nutrition/viewmodel/HomeViewModel.kt:101:18 This declaration needs opt-in. Its usage should be marked with '@kotlinx.coroutines.ExperimentalCoroutinesApi' or '@OptIn(kotlinx.coroutines.ExperimentalCoroutinesApi::class)'
w: file:///home/runner/work/wedo-Android/wedo-Android/app/src/main/java/com/example/nutrition/viewmodel/RecordViewModel.kt:153:22 This declaration needs opt-in. Its usage should be marked with '@kotlinx.coroutines.ExperimentalCoroutinesApi' or '@OptIn(kotlinx.coroutines.ExperimentalCoroutinesApi::class)'

> Task :app:compileDebugJavaWithJavac NO-SOURCE
> Task :app:bundleDebugClassesToRuntimeJar
> Task :app:bundleDebugClassesToCompileJar
> Task :app:processDebugJavaRes
> Task :app:kspDebugUnitTestKotlin
> Task :app:generateDebugAndroidTestLintModel
> Task :app:generateDebugLintReportModel
> Task :app:generateDebugUnitTestLintModel
> Task :app:compileDebugUnitTestKotlin
> Task :app:compileDebugUnitTestJavaWithJavac NO-SOURCE
> Task :app:processDebugUnitTestJavaRes
> Task :app:testDebugUnitTest
> Task :app:lintAnalyzeDebugAndroidTest
> Task :app:lintAnalyzeDebug
> Task :app:lintAnalyzeDebugUnitTest

> Task :app:lintReportDebug
Wrote HTML report to file:///home/runner/work/wedo-Android/wedo-Android/app/build/reports/lint-results-debug.html
Lint found 1 error and 40 warnings. First failure:
/home/runner/work/wedo-Android/wedo-Android/app/src/main/res/values/themes.xml:7: Error: android:windowLightNavigationBar requires API level 27 (current min is 26) [NewApi]
        <item name="android:windowLightNavigationBar">true</item>
              ~~~~~~~~~~~~~~~~~~~~~~~~~~~~~~~~~~~~~~~


> Task :app:lintDebug FAILED
Lint found 1 error, 40 warnings. First failure:

/home/runner/work/wedo-Android/wedo-Android/app/src/main/res/values/themes.xml:7: Error: android:windowLightNavigationBar requires API level 27 (current min is 26) [NewApi]
        <item name="android:windowLightNavigationBar">true</item>
              ~~~~~~~~~~~~~~~~~~~~~~~~~~~~~~~~~~~~~~~

   Explanation for issues of type "NewApi":
   This check scans through all the Android API calls in the application and
   warns about any calls that are not available on all versions targeted by
   this application (according to its minimum SDK attribute in the manifest).

   If you really want to use this API and don't need to support older devices
   just set the minSdkVersion in your build.gradle or AndroidManifest.xml
   files.

   If your code is deliberately accessing newer APIs, and you have ensured
   (e.g. with conditional execution) that this code will only ever be called
   on a supported platform, then you can annotate your class or method with
   the @TargetApi annotation specifying the local minimum SDK to apply, such
   as @TargetApi(11), such that this check considers 11 rather than your
   manifest file's minimum SDK as the required API level.

   If you are deliberately setting android: attributes in style definitions,
   make sure you place this in a values-vNN folder in order to avoid running
   into runtime conflicts on certain devices where manufacturers have added
   custom attributes whose ids conflict with the new ones on later platforms.

   Similarly, you can use tools:targetApi="11" in an XML file to indicate that
   the element will only be inflated in an adequate context.


The full lint text report is located at:
  /home/runner/work/wedo-Android/wedo-Android/app/build/intermediates/lint_intermediate_text_report/debug/lintReportDebug/lint-results-debug.txt
gradle/actions: Writing build results to /home/runner/work/_temp/.gradle-actions/build-results/__run-1790835170384.json

FAILURE: Build failed with an exception.

* What went wrong:
Execution failed for task ':app:lintDebug'.
> Lint found errors in the project; aborting build.
  
  Fix the issues identified by lint, or create a baseline to see only new errors.
  To create a baseline, run `gradlew updateLintBaseline` after adding the following to the module's build.gradle file:
  ```
  android {
      lint {
          baseline = file("lint-baseline.xml")
      }
  }
  ```
  For more details, see https://developer.android.com/studio/write/lint#snapshot
  
  Lint found 1 error, 40 warnings. First failure:
  
  /home/runner/work/wedo-Android/wedo-Android/app/src/main/res/values/themes.xml:7: Error: android:windowLightNavigationBar requires API level 27 (current min is 26) [NewApi]
          <item name="android:windowLightNavigationBar">true</item>
                ~~~~~~~~~~~~~~~~~~~~~~~~~~~~~~~~~~~~~~~
  
     Explanation for issues of type "NewApi":
     This check scans through all the Android API calls in the application and
     warns about any calls that are not available on all versions targeted by
     this application (according to its minimum SDK attribute in the manifest).
  
     If you really want to use this API and don't need to support older devices
     just set the minSdkVersion in your build.gradle or AndroidManifest.xml
     files.
  
     If your code is deliberately accessing newer APIs, and you have ensured
     (e.g. with conditional execution) that this code will only ever be called
     on a supported platform, then you can annotate your class or method with
     the @TargetApi annotation specifying the local minimum SDK to apply, such
     as @TargetApi(11), such that this check considers 11 rather than your
     manifest file's minimum SDK as the required API level.
  
     If you are deliberately setting android: attributes in style definitions,
     make sure you place this in a values-vNN folder in order to avoid running
     into runtime conflicts on certain devices where manufacturers have added
     custom attributes whose ids conflict with the new ones on later platforms.
  
     Similarly, you can use tools:targetApi="11" in an XML file to indicate that
     the element will only be inflated in an adequate context.
  
  
  The full lint text report is located at:
    /home/runner/work/wedo-Android/wedo-Android/app/build/intermediates/lint_intermediate_text_report/debug/lintReportDebug/lint-results-debug.txt

* Try:
> Run with --stacktrace option to get the stack trace.
> Run with --info or --debug option to get more log output.
> Run with --scan to get full insights from a Build Scan (powered by Develocity).
> Get more help at https://help.gradle.org.

BUILD FAILED in 3m 47s
36 actionable tasks: 35 executed, 1 from cache
